127.0.0.1 - - [09/Nov/2022:09:23:34 +0900] "GET / HTTP/1.1" 404 807
0:0:0:0:0:0:0:1 - - [09/Nov/2022:09:23:34 +0900] "GET /pro09/servlet/sec05.exam01.SecondServlet HTTP/1.1" 404 855
0:0:0:0:0:0:0:1 - - [09/Nov/2022:09:23:34 +0900] "GET /favicon.ico HTTP/1.1" 404 818
0:0:0:0:0:0:0:1 - - [09/Nov/2022:09:23:56 +0900] "GET /pro09/sample/second HTTP/1.1" 200 100
0:0:0:0:0:0:0:1 - - [09/Nov/2022:09:24:05 +0900] "GET /pro09/sample/first HTTP/1.1" 200 -
0:0:0:0:0:0:0:1 - - [09/Nov/2022:09:24:24 +0900] "GET /pro09/sample/second HTTP/1.1" 200 100
127.0.0.1 - - [09/Nov/2022:09:26:39 +0900] "GET / HTTP/1.1" 404 807
0:0:0:0:0:0:0:1 - - [09/Nov/2022:09:26:40 +0900] "GET /pro09/servlet/sec05.exam01.SecondServlet HTTP/1.1" 404 855
0:0:0:0:0:0:0:1 - - [09/Nov/2022:09:26:47 +0900] "GET /pro09/sample/second HTTP/1.1" 200 100
0:0:0:0:0:0:0:1 - - [09/Nov/2022:09:26:53 +0900] "GET /pro09/sample/first HTTP/1.1" 200 -
0:0:0:0:0:0:0:1 - - [09/Nov/2022:09:27:07 +0900] "GET /pro09/sample/second HTTP/1.1" 200 100
0:0:0:0:0:0:0:1 - - [09/Nov/2022:09:30:16 +0900] "GET /pro09/sample/first HTTP/1.1" 200 99
127.0.0.1 - - [09/Nov/2022:09:31:18 +0900] "GET / HTTP/1.1" 404 807
0:0:0:0:0:0:0:1 - - [09/Nov/2022:09:31:18 +0900] "GET /pro09/servlet/sec05.exam01.SecondServlet HTTP/1.1" 404 855
127.0.0.1 - - [09/Nov/2022:09:40:18 +0900] "GET / HTTP/1.1" 404 807
0:0:0:0:0:0:0:1 - - [09/Nov/2022:09:40:18 +0900] "GET /pro09/initMenu HTTP/1.1" 200 38
127.0.0.1 - - [09/Nov/2022:09:44:24 +0900] "GET / HTTP/1.1" 404 807
0:0:0:0:0:0:0:1 - - [09/Nov/2022:09:44:24 +0900] "GET /pro09/initMenu HTTP/1.1" 200 152
127.0.0.1 - - [09/Nov/2022:09:47:08 +0900] "GET / HTTP/1.1" 404 807
0:0:0:0:0:0:0:1 - - [09/Nov/2022:09:47:08 +0900] "GET /pro09/initMenu HTTP/1.1" 200 243
0:0:0:0:0:0:0:1 - - [09/Nov/2022:09:47:36 +0900] "GET /pro09/initMenu HTTP/1.1" 200 243
127.0.0.1 - - [09/Nov/2022:09:47:50 +0900] "GET / HTTP/1.1" 404 807
0:0:0:0:0:0:0:1 - - [09/Nov/2022:09:47:50 +0900] "GET /pro09/initMenu HTTP/1.1" 200 243
127.0.0.1 - - [09/Nov/2022:09:48:10 +0900] "GET / HTTP/1.1" 404 807
0:0:0:0:0:0:0:1 - - [09/Nov/2022:09:48:10 +0900] "GET /pro09/initMenu HTTP/1.1" 200 243
127.0.0.1 - - [09/Nov/2022:09:50:13 +0900] "GET / HTTP/1.1" 404 807
127.0.0.1 - - [09/Nov/2022:09:50:13 +0900] "GET /pro09/initMenu HTTP/1.1" 200 285
127.0.0.1 - - [09/Nov/2022:10:32:16 +0900] "GET / HTTP/1.1" 404 807
0:0:0:0:0:0:0:1 - - [09/Nov/2022:10:32:16 +0900] "GET /pro09/cfile HTTP/1.1" 500 1284
127.0.0.1 - - [09/Nov/2022:10:33:17 +0900] "GET / HTTP/1.1" 404 807
0:0:0:0:0:0:0:1 - - [09/Nov/2022:10:33:18 +0900] "GET /pro09/cfile HTTP/1.1" 200 141
127.0.0.1 - - [09/Nov/2022:10:49:59 +0900] "GET / HTTP/1.1" 404 807
0:0:0:0:0:0:0:1 - - [09/Nov/2022:10:49:59 +0900] "GET /pro09/sinit HTTP/1.1" 200 147
127.0.0.1 - - [09/Nov/2022:11:11:10 +0900] "GET / HTTP/1.1" 404 807
0:0:0:0:0:0:0:1 - - [09/Nov/2022:11:11:11 +0900] "GET /pro09/sInit HTTP/1.1" 200 147
0:0:0:0:0:0:0:1 - - [09/Nov/2022:11:11:17 +0900] "GET /pro09/sInit2 HTTP/1.1" 200 147
0:0:0:0:0:0:0:1 - - [09/Nov/2022:11:11:26 +0900] "GET /pro09/sInit2 HTTP/1.1" 200 147
0:0:0:0:0:0:0:1 - - [09/Nov/2022:11:11:31 +0900] "GET /pro09/sInit HTTP/1.1" 200 147
127.0.0.1 - - [09/Nov/2022:11:11:42 +0900] "GET / HTTP/1.1" 404 807
0:0:0:0:0:0:0:1 - - [09/Nov/2022:11:11:42 +0900] "GET /pro09/sInit HTTP/1.1" 200 147
0:0:0:0:0:0:0:1 - - [09/Nov/2022:11:11:48 +0900] "GET /pro09/sInit2 HTTP/1.1" 200 147
127.0.0.1 - - [09/Nov/2022:11:12:59 +0900] "GET / HTTP/1.1" 404 807
0:0:0:0:0:0:0:1 - - [09/Nov/2022:11:12:59 +0900] "GET /pro09/sInit HTTP/1.1" 200 146
127.0.0.1 - - [09/Nov/2022:11:13:56 +0900] "GET / HTTP/1.1" 404 807
0:0:0:0:0:0:0:1 - - [09/Nov/2022:11:13:56 +0900] "GET /pro09/sInit HTTP/1.1" 200 146
127.0.0.1 - - [09/Nov/2022:11:21:37 +0900] "GET / HTTP/1.1" 404 807
127.0.0.1 - - [09/Nov/2022:11:23:19 +0900] "GET / HTTP/1.1" 404 807
127.0.0.1 - - [09/Nov/2022:11:24:04 +0900] "GET / HTTP/1.1" 404 807
127.0.0.1 - - [09/Nov/2022:11:24:19 +0900] "GET / HTTP/1.1" 404 807
127.0.0.1 - - [09/Nov/2022:11:28:46 +0900] "GET / HTTP/1.1" 404 807
127.0.0.1 - - [09/Nov/2022:11:29:36 +0900] "GET / HTTP/1.1" 404 807
0:0:0:0:0:0:0:1 - - [09/Nov/2022:11:29:37 +0900] "GET /pro09/loadOntest HTTP/1.1" 405 825
127.0.0.1 - - [09/Nov/2022:11:30:16 +0900] "GET / HTTP/1.1" 404 807
0:0:0:0:0:0:0:1 - - [09/Nov/2022:11:30:17 +0900] "GET /pro09/LoadConfig HTTP/1.1" 200 -
127.0.0.1 - - [09/Nov/2022:11:31:47 +0900] "GET / HTTP/1.1" 404 807
127.0.0.1 - - [09/Nov/2022:11:41:42 +0900] "GET / HTTP/1.1" 404 807
0:0:0:0:0:0:0:1 - - [09/Nov/2022:11:41:59 +0900] "GET /pro09/LoadConfig HTTP/1.1" 200 -
127.0.0.1 - - [09/Nov/2022:12:02:16 +0900] "GET / HTTP/1.1" 404 807
127.0.0.1 - - [09/Nov/2022:12:03:20 +0900] "GET / HTTP/1.1" 404 807
127.0.0.1 - - [09/Nov/2022:12:24:18 +0900] "GET / HTTP/1.1" 404 807
0:0:0:0:0:0:0:1 - - [09/Nov/2022:12:24:18 +0900] "GET /pro10/login HTTP/1.1" 405 825
0:0:0:0:0:0:0:1 - - [09/Nov/2022:12:24:38 +0900] "GET /pro10/login.html HTTP/1.1" 200 551
0:0:0:0:0:0:0:1 - - [09/Nov/2022:12:24:45 +0900] "POST /pro10/login HTTP/1.1" 200 -
127.0.0.1 - - [09/Nov/2022:12:25:39 +0900] "GET / HTTP/1.1" 404 807
0:0:0:0:0:0:0:1 - - [09/Nov/2022:12:25:40 +0900] "GET /pro10/login HTTP/1.1" 405 825
0:0:0:0:0:0:0:1 - - [09/Nov/2022:12:25:44 +0900] "GET /pro10/login.html HTTP/1.1" 304 -
0:0:0:0:0:0:0:1 - - [09/Nov/2022:12:25:52 +0900] "POST /pro10/login HTTP/1.1" 200 156
0:0:0:0:0:0:0:1 - - [09/Nov/2022:14:11:04 +0900] "GET /pro09/sample/second HTTP/1.1" 404 834
127.0.0.1 - - [09/Nov/2022:14:14:47 +0900] "GET / HTTP/1.1" 404 807
0:0:0:0:0:0:0:1 - - [09/Nov/2022:14:14:48 +0900] "GET /pro09/initMenu HTTP/1.1" 200 285
127.0.0.1 - - [09/Nov/2022:15:05:38 +0900] "GET / HTTP/1.1" 404 807
0:0:0:0:0:0:0:1 - - [09/Nov/2022:15:05:39 +0900] "GET /pro10/login HTTP/1.1" 404 822
127.0.0.1 - - [09/Nov/2022:15:06:05 +0900] "GET / HTTP/1.1" 404 807
0:0:0:0:0:0:0:1 - - [09/Nov/2022:15:06:12 +0900] "GET /pro10/login.html HTTP/1.1" 404 827
0:0:0:0:0:0:0:1 - - [09/Nov/2022:15:06:20 +0900] "GET /pro10/login.html HTTP/1.1" 404 827
127.0.0.1 - - [09/Nov/2022:15:06:32 +0900] "GET / HTTP/1.1" 404 807
0:0:0:0:0:0:0:1 - - [09/Nov/2022:15:06:32 +0900] "GET /pro10/login.html HTTP/1.1" 404 827
127.0.0.1 - - [09/Nov/2022:15:07:30 +0900] "GET / HTTP/1.1" 404 807
0:0:0:0:0:0:0:1 - - [09/Nov/2022:15:07:30 +0900] "GET /pro10/login.html HTTP/1.1" 404 827
127.0.0.1 - - [09/Nov/2022:15:08:16 +0900] "GET / HTTP/1.1" 404 807
0:0:0:0:0:0:0:1 - - [09/Nov/2022:15:08:16 +0900] "GET /pro10/login.html HTTP/1.1" 200 552
0:0:0:0:0:0:0:1 - - [09/Nov/2022:15:08:42 +0900] "POST /pro10/login2 HTTP/1.1" 200 301
0:0:0:0:0:0:0:1 - - [09/Nov/2022:15:08:43 +0900] "GET /pro10/second?user_id=&user_pw=&user_address=%EC%84%9C%EC%9A%B8%EC%8B%9C+%EC%84%B1%EB%B6%81%EA%B5%AC HTTP/1.1" 405 825
0:0:0:0:0:0:0:1 - - [09/Nov/2022:15:08:50 +0900] "POST /pro10/login2 HTTP/1.1" 200 317
0:0:0:0:0:0:0:1 - - [09/Nov/2022:15:08:51 +0900] "GET /pro10/second?user_id=asdf&user_pw=asdf&user_address=%EC%84%9C%EC%9A%B8%EC%8B%9C+%EC%84%B1%EB%B6%81%EA%B5%AC HTTP/1.1" 405 825
127.0.0.1 - - [09/Nov/2022:15:16:00 +0900] "GET / HTTP/1.1" 404 807
0:0:0:0:0:0:0:1 - - [09/Nov/2022:15:16:01 +0900] "GET /pro10/set HTTP/1.1" 200 72
127.0.0.1 - - [09/Nov/2022:15:19:50 +0900] "GET / HTTP/1.1" 404 807
0:0:0:0:0:0:0:1 - - [09/Nov/2022:15:19:50 +0900] "GET /pro10/get HTTP/1.1" 200 -
0:0:0:0:0:0:0:1 - - [09/Nov/2022:15:20:06 +0900] "GET /pro10/get HTTP/1.1" 200 -
0:0:0:0:0:0:0:1 - - [09/Nov/2022:15:20:12 +0900] "GET /pro10/get HTTP/1.1" 200 -
0:0:0:0:0:0:0:1 - - [09/Nov/2022:15:20:19 +0900] "GET /pro10/get HTTP/1.1" 200 -
0:0:0:0:0:0:0:1 - - [09/Nov/2022:15:20:19 +0900] "GET /favicon.ico HTTP/1.1" 404 818
0:0:0:0:0:0:0:1 - - [09/Nov/2022:15:20:30 +0900] "GET /pro10/get HTTP/1.1" 200 -
0:0:0:0:0:0:0:1 - - [09/Nov/2022:15:20:30 +0900] "GET /favicon.ico HTTP/1.1" 404 818
0:0:0:0:0:0:0:1 - - [09/Nov/2022:15:20:35 +0900] "GET /pro10/set HTTP/1.1" 200 72
0:0:0:0:0:0:0:1 - - [09/Nov/2022:15:20:42 +0900] "GET /pro10/get HTTP/1.1" 200 -
127.0.0.1 - - [09/Nov/2022:15:23:29 +0900] "GET / HTTP/1.1" 404 807
0:0:0:0:0:0:0:1 - - [09/Nov/2022:15:23:29 +0900] "GET /pro10/get HTTP/1.1" 200 52
127.0.0.1 - - [09/Nov/2022:15:23:44 +0900] "GET / HTTP/1.1" 404 807
0:0:0:0:0:0:0:1 - - [09/Nov/2022:15:23:45 +0900] "GET /pro10/get HTTP/1.1" 200 22
0:0:0:0:0:0:0:1 - - [09/Nov/2022:15:23:45 +0900] "GET /favicon.ico HTTP/1.1" 404 818
0:0:0:0:0:0:0:1 - - [09/Nov/2022:15:23:54 +0900] "GET /pro10/set HTTP/1.1" 200 72
0:0:0:0:0:0:0:1 - - [09/Nov/2022:15:24:00 +0900] "GET /pro10/get HTTP/1.1" 200 52
0:0:0:0:0:0:0:1 - - [09/Nov/2022:15:24:21 +0900] "GET /pro10/get HTTP/1.1" 200 22
127.0.0.1 - - [09/Nov/2022:15:25:28 +0900] "GET / HTTP/1.1" 404 807
0:0:0:0:0:0:0:1 - - [09/Nov/2022:15:25:29 +0900] "GET /pro10/set HTTP/1.1" 200 72
0:0:0:0:0:0:0:1 - - [09/Nov/2022:15:25:29 +0900] "GET /favicon.ico HTTP/1.1" 404 818
0:0:0:0:0:0:0:1 - - [09/Nov/2022:15:25:34 +0900] "GET /pro10/get HTTP/1.1" 200 116
0:0:0:0:0:0:0:1 - - [09/Nov/2022:15:40:56 +0900] "GET /pro10/set HTTP/1.1" 200 72
127.0.0.1 - - [09/Nov/2022:15:41:15 +0900] "GET / HTTP/1.1" 404 807
127.0.0.1 - - [09/Nov/2022:15:41:31 +0900] "GET / HTTP/1.1" 404 807
0:0:0:0:0:0:0:1 - - [09/Nov/2022:15:41:32 +0900] "GET /pro10/set HTTP/1.1" 500 1738
0:0:0:0:0:0:0:1 - - [09/Nov/2022:15:41:32 +0900] "GET /favicon.ico HTTP/1.1" 404 818
127.0.0.1 - - [09/Nov/2022:15:43:01 +0900] "GET / HTTP/1.1" 404 807
0:0:0:0:0:0:0:1 - - [09/Nov/2022:15:43:01 +0900] "GET /pro10/set HTTP/1.1" 200 72
0:0:0:0:0:0:0:1 - - [09/Nov/2022:15:43:15 +0900] "GET /pro10/get HTTP/1.1" 200 202
127.0.0.1 - - [09/Nov/2022:15:46:49 +0900] "GET / HTTP/1.1" 404 807
0:0:0:0:0:0:0:1 - - [09/Nov/2022:15:46:50 +0900] "GET /pro10/set HTTP/1.1" 200 72
127.0.0.1 - - [09/Nov/2022:15:47:18 +0900] "GET / HTTP/1.1" 404 807
0:0:0:0:0:0:0:1 - - [09/Nov/2022:15:47:19 +0900] "GET /pro10/set HTTP/1.1" 200 72
0:0:0:0:0:0:0:1 - - [09/Nov/2022:15:49:45 +0900] "GET /pro10/get HTTP/1.1" 200 110
0:0:0:0:0:0:0:1 - - [09/Nov/2022:15:50:38 +0900] "GET /pro10/get HTTP/1.1" 200 49
0:0:0:0:0:0:0:1 - - [09/Nov/2022:15:50:38 +0900] "GET /favicon.ico HTTP/1.1" 404 818
127.0.0.1 - - [09/Nov/2022:15:51:46 +0900] "GET / HTTP/1.1" 404 807
0:0:0:0:0:0:0:1 - - [09/Nov/2022:15:51:46 +0900] "GET /pro10/set HTTP/1.1" 200 76
127.0.0.1 - - [09/Nov/2022:15:58:34 +0900] "GET / HTTP/1.1" 404 807
0:0:0:0:0:0:0:1 - - [09/Nov/2022:15:58:34 +0900] "GET /pro10/set HTTP/1.1" 200 76
0:0:0:0:0:0:0:1 - - [09/Nov/2022:15:58:47 +0900] "GET /pro10/get HTTP/1.1" 200 118
0:0:0:0:0:0:0:1 - - [09/Nov/2022:15:58:55 +0900] "GET /pro10/delAll HTTP/1.1" 200 35
127.0.0.1 - - [09/Nov/2022:16:03:05 +0900] "GET / HTTP/1.1" 404 807
0:0:0:0:0:0:0:1 - - [09/Nov/2022:16:03:05 +0900] "GET /pro10/set HTTP/1.1" 200 76
0:0:0:0:0:0:0:1 - - [09/Nov/2022:16:03:10 +0900] "GET /pro10/get HTTP/1.1" 200 118
127.0.0.1 - - [09/Nov/2022:16:03:34 +0900] "GET / HTTP/1.1" 404 807
0:0:0:0:0:0:0:1 - - [09/Nov/2022:16:03:34 +0900] "GET /pro10/set HTTP/1.1" 200 76
0:0:0:0:0:0:0:1 - - [09/Nov/2022:16:03:41 +0900] "GET /pro10/get HTTP/1.1" 200 118
0:0:0:0:0:0:0:1 - - [09/Nov/2022:16:03:49 +0900] "GET /pro10/del HTTP/1.1" 200 17
0:0:0:0:0:0:0:1 - - [09/Nov/2022:16:03:56 +0900] "GET /pro10/get HTTP/1.1" 200 118
0:0:0:0:0:0:0:1 - - [09/Nov/2022:16:04:06 +0900] "GET /pro10/del HTTP/1.1" 200 17
0:0:0:0:0:0:0:1 - - [09/Nov/2022:16:04:37 +0900] "GET /pro10/set HTTP/1.1" 200 76
0:0:0:0:0:0:0:1 - - [09/Nov/2022:16:04:43 +0900] "GET /pro10/get HTTP/1.1" 200 118
0:0:0:0:0:0:0:1 - - [09/Nov/2022:16:04:50 +0900] "GET /pro10/del HTTP/1.1" 200 17
127.0.0.1 - - [09/Nov/2022:16:05:40 +0900] "GET / HTTP/1.1" 404 807
0:0:0:0:0:0:0:1 - - [09/Nov/2022:16:05:41 +0900] "GET /pro10/set HTTP/1.1" 200 76
0:0:0:0:0:0:0:1 - - [09/Nov/2022:16:05:44 +0900] "GET /pro10/get HTTP/1.1" 200 118
0:0:0:0:0:0:0:1 - - [09/Nov/2022:16:05:50 +0900] "GET /pro10/del HTTP/1.1" 200 17
